-- Install configuration: ""
-- Up-to-date: /home/rakshaa/ros2_ws/install/main_bot_description/share/main_bot_description//urdf
-- Up-to-date: /home/rakshaa/ros2_ws/install/main_bot_description/share/main_bot_description//urdf/main_bot_description.urdf.xacro.original
-- Up-to-date: /home/rakshaa/ros2_ws/install/main_bot_description/share/main_bot_description//urdf/main_bot_description.urdf.xacro
-- Up-to-date: /home/rakshaa/ros2_ws/install/main_bot_description/share/main_bot_description//config
-- Up-to-date: /home/rakshaa/ros2_ws/install/main_bot_description/share/main_bot_description//config/controllers.yaml
-- Up-to-date: /home/rakshaa/ros2_ws/install/main_bot_description/share/main_bot_description//rviz
-- Up-to-date: /home/rakshaa/ros2_ws/install/main_bot_description/share/main_bot_description//rviz/display.rviz
-- Up-to-date: /home/rakshaa/ros2_ws/install/main_bot_description/share/main_bot_description/launch
-- Up-to-date: /home/rakshaa/ros2_ws/install/main_bot_description/share/main_bot_description/launch/display.launch.py
-- Up-to-date: /home/rakshaa/ros2_ws/install/main_bot_description/share/main_bot_description/launch/spawn_robot.launch.py
-- Up-to-date: /home/rakshaa/ros2_ws/install/main_bot_description/share/main_bot_description/rviz
-- Up-to-date: /home/rakshaa/ros2_ws/install/main_bot_description/share/main_bot_description/rviz/display.rviz
-- Up-to-date: /home/rakshaa/ros2_ws/install/main_bot_description/share/main_bot_description/config
-- Up-to-date: /home/rakshaa/ros2_ws/install/main_bot_description/share/main_bot_description/config/controllers.yaml
-- Up-to-date: /home/rakshaa/ros2_ws/install/main_bot_description/share/main_bot_description/urdf
-- Up-to-date: /home/rakshaa/ros2_ws/install/main_bot_description/share/main_bot_description/urdf/main_bot_description.urdf.xacro.original
-- Up-to-date: /home/rakshaa/ros2_ws/install/main_bot_description/share/main_bot_description/urdf/main_bot_description.urdf.xacro
-- Up-to-date: /home/rakshaa/ros2_ws/install/main_bot_description/share/main_bot_description/worlds
-- Installing: /home/rakshaa/ros2_ws/install/main_bot_description/share/main_bot_description/worlds/exploration.world
-- Up-to-date: /home/rakshaa/ros2_ws/install/main_bot_description/share/main_bot_description/worlds/obstacle.world
-- Up-to-date: /home/rakshaa/ros2_ws/install/main_bot_description/share/main_bot_description/worlds/slam_test.world
-- Up-to-date: /home/rakshaa/ros2_ws/install/main_bot_description/share/ament_index/resource_index/package_run_dependencies/main_bot_description
-- Up-to-date: /home/rakshaa/ros2_ws/install/main_bot_description/share/ament_index/resource_index/parent_prefix_path/main_bot_description
-- Up-to-date: /home/rakshaa/ros2_ws/install/main_bot_description/share/main_bot_description/environment/ament_prefix_path.sh
-- Up-to-date: /home/rakshaa/ros2_ws/install/main_bot_description/share/main_bot_description/environment/ament_prefix_path.dsv
-- Up-to-date: /home/rakshaa/ros2_ws/install/main_bot_description/share/main_bot_description/environment/path.sh
-- Up-to-date: /home/rakshaa/ros2_ws/install/main_bot_description/share/main_bot_description/environment/path.dsv
-- Up-to-date: /home/rakshaa/ros2_ws/install/main_bot_description/share/main_bot_description/local_setup.bash
-- Up-to-date: /home/rakshaa/ros2_ws/install/main_bot_description/share/main_bot_description/local_setup.sh
-- Up-to-date: /home/rakshaa/ros2_ws/install/main_bot_description/share/main_bot_description/local_setup.zsh
-- Up-to-date: /home/rakshaa/ros2_ws/install/main_bot_description/share/main_bot_description/local_setup.dsv
-- Installing: /home/rakshaa/ros2_ws/install/main_bot_description/share/main_bot_description/package.dsv
-- Up-to-date: /home/rakshaa/ros2_ws/install/main_bot_description/share/ament_index/resource_index/packages/main_bot_description
-- Up-to-date: /home/rakshaa/ros2_ws/install/main_bot_description/share/main_bot_description/cmake/main_bot_descriptionConfig.cmake
-- Up-to-date: /home/rakshaa/ros2_ws/install/main_bot_description/share/main_bot_description/cmake/main_bot_descriptionConfig-version.cmake
-- Up-to-date: /home/rakshaa/ros2_ws/install/main_bot_description/share/main_bot_description/package.xml
-- Up-to-date: /home/rakshaa/ros2_ws/install/main_bot_description/lib/main_bot_description/antenna_controller.py
-- Up-to-date: /home/rakshaa/ros2_ws/install/main_bot_description/lib/main_bot_description/lidar_test.py
