[0.010s] Invoking command in '/home/rakshaa/ros2_ws/build/main_bot_description': CMAKE_PREFIX_PATH=${CMAKE_PREFIX_PATH}:/home/rakshaa/rover_workspace/install/bno055:/opt/ros/humble /usr/bin/cmake --build /home/rakshaa/ros2_ws/build/main_bot_description -- -j4 -l4
[0.042s] Invoked command in '/home/rakshaa/ros2_ws/build/main_bot_description' returned '0': CMAKE_PREFIX_PATH=${CMAKE_PREFIX_PATH}:/home/rakshaa/rover_workspace/install/bno055:/opt/ros/humble /usr/bin/cmake --build /home/rakshaa/ros2_ws/build/main_bot_description -- -j4 -l4
[0.050s] Invoking command in '/home/rakshaa/ros2_ws/build/main_bot_description': CMAKE_PREFIX_PATH=${CMAKE_PREFIX_PATH}:/home/rakshaa/rover_workspace/install/bno055:/opt/ros/humble /usr/bin/cmake --install /home/rakshaa/ros2_ws/build/main_bot_description
[0.057s] -- Install configuration: ""
[0.057s] -- Up-to-date: /home/rakshaa/ros2_ws/install/main_bot_description/share/main_bot_description//urdf
[0.057s] -- Up-to-date: /home/rakshaa/ros2_ws/install/main_bot_description/share/main_bot_description//urdf/main_bot_description.urdf.xacro.original
[0.057s] -- Up-to-date: /home/rakshaa/ros2_ws/install/main_bot_description/share/main_bot_description//urdf/main_bot_description.urdf.xacro
[0.057s] -- Up-to-date: /home/rakshaa/ros2_ws/install/main_bot_description/share/main_bot_description//config
[0.057s] -- Up-to-date: /home/rakshaa/ros2_ws/install/main_bot_description/share/main_bot_description//config/controllers.yaml
[0.057s] -- Up-to-date: /home/rakshaa/ros2_ws/install/main_bot_description/share/main_bot_description//rviz
[0.057s] -- Up-to-date: /home/rakshaa/ros2_ws/install/main_bot_description/share/main_bot_description//rviz/display.rviz
[0.057s] -- Up-to-date: /home/rakshaa/ros2_ws/install/main_bot_description/share/main_bot_description/launch
[0.058s] -- Up-to-date: /home/rakshaa/ros2_ws/install/main_bot_description/share/main_bot_description/launch/display.launch.py
[0.058s] -- Up-to-date: /home/rakshaa/ros2_ws/install/main_bot_description/share/main_bot_description/launch/spawn_robot.launch.py
[0.058s] -- Up-to-date: /home/rakshaa/ros2_ws/install/main_bot_description/share/main_bot_description/rviz
[0.058s] -- Up-to-date: /home/rakshaa/ros2_ws/install/main_bot_description/share/main_bot_description/rviz/display.rviz
[0.058s] -- Up-to-date: /home/rakshaa/ros2_ws/install/main_bot_description/share/main_bot_description/config
[0.058s] -- Up-to-date: /home/rakshaa/ros2_ws/install/main_bot_description/share/main_bot_description/config/controllers.yaml
[0.058s] -- Up-to-date: /home/rakshaa/ros2_ws/install/main_bot_description/share/main_bot_description/urdf
[0.058s] -- Up-to-date: /home/rakshaa/ros2_ws/install/main_bot_description/share/main_bot_description/urdf/main_bot_description.urdf.xacro.original
[0.058s] -- Up-to-date: /home/rakshaa/ros2_ws/install/main_bot_description/share/main_bot_description/urdf/main_bot_description.urdf.xacro
[0.058s] -- Up-to-date: /home/rakshaa/ros2_ws/install/main_bot_description/share/main_bot_description/worlds
[0.058s] -- Installing: /home/rakshaa/ros2_ws/install/main_bot_description/share/main_bot_description/worlds/exploration.world
[0.058s] -- Up-to-date: /home/rakshaa/ros2_ws/install/main_bot_description/share/main_bot_description/worlds/obstacle.world
[0.058s] -- Up-to-date: /home/rakshaa/ros2_ws/install/main_bot_description/share/main_bot_description/worlds/slam_test.world
[0.058s] -- Up-to-date: /home/rakshaa/ros2_ws/install/main_bot_description/share/ament_index/resource_index/package_run_dependencies/main_bot_description
[0.059s] -- Up-to-date: /home/rakshaa/ros2_ws/install/main_bot_description/share/ament_index/resource_index/parent_prefix_path/main_bot_description
[0.059s] -- Up-to-date: /home/rakshaa/ros2_ws/install/main_bot_description/share/main_bot_description/environment/ament_prefix_path.sh
[0.059s] -- Up-to-date: /home/rakshaa/ros2_ws/install/main_bot_description/share/main_bot_description/environment/ament_prefix_path.dsv
[0.059s] -- Up-to-date: /home/rakshaa/ros2_ws/install/main_bot_description/share/main_bot_description/environment/path.sh
[0.059s] -- Up-to-date: /home/rakshaa/ros2_ws/install/main_bot_description/share/main_bot_description/environment/path.dsv
[0.059s] -- Up-to-date: /home/rakshaa/ros2_ws/install/main_bot_description/share/main_bot_description/local_setup.bash
[0.059s] -- Up-to-date: /home/rakshaa/ros2_ws/install/main_bot_description/share/main_bot_description/local_setup.sh
[0.059s] -- Up-to-date: /home/rakshaa/ros2_ws/install/main_bot_description/share/main_bot_description/local_setup.zsh
[0.059s] -- Up-to-date: /home/rakshaa/ros2_ws/install/main_bot_description/share/main_bot_description/local_setup.dsv
[0.059s] -- Installing: /home/rakshaa/ros2_ws/install/main_bot_description/share/main_bot_description/package.dsv
[0.059s] -- Up-to-date: /home/rakshaa/ros2_ws/install/main_bot_description/share/ament_index/resource_index/packages/main_bot_description
[0.059s] -- Up-to-date: /home/rakshaa/ros2_ws/install/main_bot_description/share/main_bot_description/cmake/main_bot_descriptionConfig.cmake
[0.059s] -- Up-to-date: /home/rakshaa/ros2_ws/install/main_bot_description/share/main_bot_description/cmake/main_bot_descriptionConfig-version.cmake
[0.059s] -- Up-to-date: /home/rakshaa/ros2_ws/install/main_bot_description/share/main_bot_description/package.xml
[0.059s] -- Up-to-date: /home/rakshaa/ros2_ws/install/main_bot_description/lib/main_bot_description/antenna_controller.py
[0.059s] -- Up-to-date: /home/rakshaa/ros2_ws/install/main_bot_description/lib/main_bot_description/lidar_test.py
[0.060s] Invoked command in '/home/rakshaa/ros2_ws/build/main_bot_description' returned '0': CMAKE_PREFIX_PATH=${CMAKE_PREFIX_PATH}:/home/rakshaa/rover_workspace/install/bno055:/opt/ros/humble /usr/bin/cmake --install /home/rakshaa/ros2_ws/build/main_bot_description
