[0.138s] DEBUG:colcon:Command line arguments: ['/usr/bin/colcon', 'build']
[0.138s] DEBUG:colcon:Parsed command line arguments: Namespace(log_base=None, log_level=None, verb_name='build', build_base='build', install_base='install', merge_install=False, symlink_install=False, test_result_base=None, continue_on_error=False, executor='parallel', parallel_workers=4, event_handlers=None, ignore_user_meta=False, metas=['./colcon.meta'], base_paths=['.'], packages_ignore=None, packages_ignore_regex=None, paths=None, packages_up_to=None, packages_up_to_regex=None, packages_above=None, packages_above_and_dependencies=None, packages_above_depth=None, packages_select_by_dep=None, packages_skip_by_dep=None, packages_skip_up_to=None, packages_select_build_failed=False, packages_skip_build_finished=False, packages_select_test_failures=False, packages_skip_test_passed=False, packages_select=None, packages_skip=None, packages_select_regex=None, packages_skip_regex=None, packages_start=None, packages_end=None, allow_overriding=[], cmake_args=None, cmake_target=None, cmake_target_skip_unavailable=False, cmake_clean_cache=False, cmake_clean_first=False, cmake_force_configure=False, ament_cmake_args=None, catkin_cmake_args=None, catkin_skip_building_tests=False, verb_parser=<colcon_defaults.argument_parser.defaults.DefaultArgumentsDecorator object at 0x7bb36301fcd0>, verb_extension=<colcon_core.verb.build.BuildVerb object at 0x7bb36301f7c0>, main=<bound method BuildVerb.main of <colcon_core.verb.build.BuildVerb object at 0x7bb36301f7c0>>)
[0.446s] Level 1:colcon.colcon_core.package_discovery:discover_packages(colcon_meta) check parameters
[0.446s] Level 1:colcon.colcon_core.package_discovery:discover_packages(recursive) check parameters
[0.446s] Level 1:colcon.colcon_core.package_discovery:discover_packages(ignore) check parameters
[0.446s] Level 1:colcon.colcon_core.package_discovery:discover_packages(path) check parameters
[0.446s] Level 1:colcon.colcon_core.package_discovery:discover_packages(colcon_meta) discover
[0.446s] Level 1:colcon.colcon_core.package_discovery:discover_packages(recursive) discover
[0.446s] INFO:colcon.colcon_core.package_discovery:Crawling recursively for packages in '/home/rakshaa/ros2_ws'
[0.446s] Level 1:colcon.colcon_core.package_identification:_identify(.) by extensions ['ignore', 'ignore_ament_install']
[0.447s] Level 1:colcon.colcon_core.package_identification:_identify(.) by extension 'ignore'
[0.447s] Level 1:colcon.colcon_core.package_identification:_identify(.) by extension 'ignore_ament_install'
[0.447s] Level 1:colcon.colcon_core.package_identification:_identify(.) by extensions ['colcon_pkg']
[0.447s] Level 1:colcon.colcon_core.package_identification:_identify(.) by extension 'colcon_pkg'
[0.447s] Level 1:colcon.colcon_core.package_identification:_identify(.) by extensions ['colcon_meta']
[0.447s] Level 1:colcon.colcon_core.package_identification:_identify(.) by extension 'colcon_meta'
[0.447s] Level 1:colcon.colcon_core.package_identification:_identify(.) by extensions ['ros']
[0.447s] Level 1:colcon.colcon_core.package_identification:_identify(.) by extension 'ros'
[0.460s] Level 1:colcon.colcon_core.package_identification:_identify(.) by extensions ['cmake', 'python']
[0.460s] Level 1:colcon.colcon_core.package_identification:_identify(.) by extension 'cmake'
[0.460s] Level 1:colcon.colcon_core.package_identification:_identify(.) by extension 'python'
[0.460s] Level 1:colcon.colcon_core.package_identification:_identify(.) by extensions ['python_setup_py']
[0.460s] Level 1:colcon.colcon_core.package_identification:_identify(.) by extension 'python_setup_py'
[0.460s] Level 1:colcon.colcon_core.package_identification:_identify(build) by extensions ['ignore', 'ignore_ament_install']
[0.460s] Level 1:colcon.colcon_core.package_identification:_identify(build) by extension 'ignore'
[0.461s] Level 1:colcon.colcon_core.package_identification:_identify(build) ignored
[0.461s] Level 1:colcon.colcon_core.package_identification:_identify(install) by extensions ['ignore', 'ignore_ament_install']
[0.461s] Level 1:colcon.colcon_core.package_identification:_identify(install) by extension 'ignore'
[0.461s] Level 1:colcon.colcon_core.package_identification:_identify(install) ignored
[0.461s] Level 1:colcon.colcon_core.package_identification:_identify(log) by extensions ['ignore', 'ignore_ament_install']
[0.461s] Level 1:colcon.colcon_core.package_identification:_identify(log) by extension 'ignore'
[0.461s] Level 1:colcon.colcon_core.package_identification:_identify(log) ignored
[0.461s] Level 1:colcon.colcon_core.package_identification:_identify(src) by extensions ['ignore', 'ignore_ament_install']
[0.461s] Level 1:colcon.colcon_core.package_identification:_identify(src) by extension 'ignore'
[0.461s] Level 1:colcon.colcon_core.package_identification:_identify(src) by extension 'ignore_ament_install'
[0.461s] Level 1:colcon.colcon_core.package_identification:_identify(src) by extensions ['colcon_pkg']
[0.461s] Level 1:colcon.colcon_core.package_identification:_identify(src) by extension 'colcon_pkg'
[0.461s] Level 1:colcon.colcon_core.package_identification:_identify(src) by extensions ['colcon_meta']
[0.461s] Level 1:colcon.colcon_core.package_identification:_identify(src) by extension 'colcon_meta'
[0.461s] Level 1:colcon.colcon_core.package_identification:_identify(src) by extensions ['ros']
[0.461s] Level 1:colcon.colcon_core.package_identification:_identify(src) by extension 'ros'
[0.462s] Level 1:colcon.colcon_core.package_identification:_identify(src) by extensions ['cmake', 'python']
[0.462s] Level 1:colcon.colcon_core.package_identification:_identify(src) by extension 'cmake'
[0.462s] Level 1:colcon.colcon_core.package_identification:_identify(src) by extension 'python'
[0.462s] Level 1:colcon.colcon_core.package_identification:_identify(src) by extensions ['python_setup_py']
[0.462s] Level 1:colcon.colcon_core.package_identification:_identify(src) by extension 'python_setup_py'
[0.462s] Level 1:colcon.colcon_core.package_identification:_identify(src/src) by extensions ['ignore', 'ignore_ament_install']
[0.462s] Level 1:colcon.colcon_core.package_identification:_identify(src/src) by extension 'ignore'
[0.462s] Level 1:colcon.colcon_core.package_identification:_identify(src/src) by extension 'ignore_ament_install'
[0.462s] Level 1:colcon.colcon_core.package_identification:_identify(src/src) by extensions ['colcon_pkg']
[0.462s] Level 1:colcon.colcon_core.package_identification:_identify(src/src) by extension 'colcon_pkg'
[0.462s] Level 1:colcon.colcon_core.package_identification:_identify(src/src) by extensions ['colcon_meta']
[0.462s] Level 1:colcon.colcon_core.package_identification:_identify(src/src) by extension 'colcon_meta'
[0.462s] Level 1:colcon.colcon_core.package_identification:_identify(src/src) by extensions ['ros']
[0.462s] Level 1:colcon.colcon_core.package_identification:_identify(src/src) by extension 'ros'
[0.462s] Level 1:colcon.colcon_core.package_identification:_identify(src/src) by extensions ['cmake', 'python']
[0.462s] Level 1:colcon.colcon_core.package_identification:_identify(src/src) by extension 'cmake'
[0.462s] Level 1:colcon.colcon_core.package_identification:_identify(src/src) by extension 'python'
[0.462s] Level 1:colcon.colcon_core.package_identification:_identify(src/src) by extensions ['python_setup_py']
[0.462s] Level 1:colcon.colcon_core.package_identification:_identify(src/src) by extension 'python_setup_py'
[0.462s] Level 1:colcon.colcon_core.package_identification:_identify(src/src/main_bot_description) by extensions ['ignore', 'ignore_ament_install']
[0.463s] Level 1:colcon.colcon_core.package_identification:_identify(src/src/main_bot_description) by extension 'ignore'
[0.463s] Level 1:colcon.colcon_core.package_identification:_identify(src/src/main_bot_description) by extension 'ignore_ament_install'
[0.463s] Level 1:colcon.colcon_core.package_identification:_identify(src/src/main_bot_description) by extensions ['colcon_pkg']
[0.463s] Level 1:colcon.colcon_core.package_identification:_identify(src/src/main_bot_description) by extension 'colcon_pkg'
[0.463s] Level 1:colcon.colcon_core.package_identification:_identify(src/src/main_bot_description) by extensions ['colcon_meta']
[0.463s] Level 1:colcon.colcon_core.package_identification:_identify(src/src/main_bot_description) by extension 'colcon_meta'
[0.463s] Level 1:colcon.colcon_core.package_identification:_identify(src/src/main_bot_description) by extensions ['ros']
[0.463s] Level 1:colcon.colcon_core.package_identification:_identify(src/src/main_bot_description) by extension 'ros'
[0.467s] DEBUG:colcon.colcon_core.package_identification:Package 'src/src/main_bot_description' with type 'ros.ament_cmake' and name 'main_bot_description'
[0.467s] Level 1:colcon.colcon_core.package_discovery:discover_packages(recursive) using defaults
[0.467s] Level 1:colcon.colcon_core.package_discovery:discover_packages(ignore) discover
[0.467s] Level 1:colcon.colcon_core.package_discovery:discover_packages(ignore) using defaults
[0.467s] Level 1:colcon.colcon_core.package_discovery:discover_packages(path) discover
[0.467s] Level 1:colcon.colcon_core.package_discovery:discover_packages(path) using defaults
[0.510s] Level 1:colcon.colcon_core.package_discovery:discover_packages(prefix_path) check parameters
[0.510s] Level 1:colcon.colcon_core.package_discovery:discover_packages(prefix_path) discover
[0.514s] DEBUG:colcon.colcon_installed_package_information.package_discovery:Found 6 installed packages in /home/rakshaa/rover_workspace/install
[0.516s] DEBUG:colcon.colcon_installed_package_information.package_discovery:Found 381 installed packages in /opt/ros/humble
[0.518s] Level 1:colcon.colcon_core.package_discovery:discover_packages(prefix_path) using defaults
[0.572s] Level 5:colcon.colcon_core.verb:set package 'main_bot_description' build argument 'cmake_args' from command line to 'None'
[0.572s] Level 5:colcon.colcon_core.verb:set package 'main_bot_description' build argument 'cmake_target' from command line to 'None'
[0.572s] Level 5:colcon.colcon_core.verb:set package 'main_bot_description' build argument 'cmake_target_skip_unavailable' from command line to 'False'
[0.572s] Level 5:colcon.colcon_core.verb:set package 'main_bot_description' build argument 'cmake_clean_cache' from command line to 'False'
[0.572s] Level 5:colcon.colcon_core.verb:set package 'main_bot_description' build argument 'cmake_clean_first' from command line to 'False'
[0.572s] Level 5:colcon.colcon_core.verb:set package 'main_bot_description' build argument 'cmake_force_configure' from command line to 'False'
[0.572s] Level 5:colcon.colcon_core.verb:set package 'main_bot_description' build argument 'ament_cmake_args' from command line to 'None'
[0.572s] Level 5:colcon.colcon_core.verb:set package 'main_bot_description' build argument 'catkin_cmake_args' from command line to 'None'
[0.572s] Level 5:colcon.colcon_core.verb:set package 'main_bot_description' build argument 'catkin_skip_building_tests' from command line to 'False'
[0.573s] DEBUG:colcon.colcon_core.verb:Building package 'main_bot_description' with the following arguments: {'ament_cmake_args': None, 'build_base': '/home/rakshaa/ros2_ws/build/main_bot_description', 'catkin_cmake_args': None, 'catkin_skip_building_tests': False, 'cmake_args': None, 'cmake_clean_cache': False, 'cmake_clean_first': False, 'cmake_force_configure': False, 'cmake_target': None, 'cmake_target_skip_unavailable': False, 'install_base': '/home/rakshaa/ros2_ws/install/main_bot_description', 'merge_install': False, 'path': '/home/rakshaa/ros2_ws/src/src/main_bot_description', 'symlink_install': False, 'test_result_base': None}
[0.573s] INFO:colcon.colcon_core.executor:Executing jobs using 'parallel' executor
[0.574s] DEBUG:colcon.colcon_parallel_executor.executor.parallel:run_until_complete
[0.574s] INFO:colcon.colcon_ros.task.ament_cmake.build:Building ROS package in '/home/rakshaa/ros2_ws/src/src/main_bot_description' with build type 'ament_cmake'
[0.574s] INFO:colcon.colcon_cmake.task.cmake.build:Building CMake package in '/home/rakshaa/ros2_ws/src/src/main_bot_description'
[0.580s] INFO:colcon.colcon_core.plugin_system:Skipping extension 'colcon_core.shell.bat': Not used on non-Windows systems
[0.580s] INFO:colcon.colcon_core.shell:Skip shell extension 'powershell' for command environment: Not usable outside of PowerShell
[0.580s] DEBUG:colcon.colcon_core.shell:Skip shell extension 'dsv' for command environment
[0.588s] DEBUG:colcon.colcon_core.event_handler.log_command:Invoking command in '/home/rakshaa/ros2_ws/build/main_bot_description': CMAKE_PREFIX_PATH=${CMAKE_PREFIX_PATH}:/home/rakshaa/rover_workspace/install/bno055:/opt/ros/humble /usr/bin/cmake /home/rakshaa/ros2_ws/src/src/main_bot_description -DCMAKE_INSTALL_PREFIX=/home/rakshaa/ros2_ws/install/main_bot_description
[1.325s] DEBUG:colcon.colcon_core.event_handler.log_command:Invoked command in '/home/rakshaa/ros2_ws/build/main_bot_description' returned '0': CMAKE_PREFIX_PATH=${CMAKE_PREFIX_PATH}:/home/rakshaa/rover_workspace/install/bno055:/opt/ros/humble /usr/bin/cmake /home/rakshaa/ros2_ws/src/src/main_bot_description -DCMAKE_INSTALL_PREFIX=/home/rakshaa/ros2_ws/install/main_bot_description
[1.328s] DEBUG:colcon.colcon_core.event_handler.log_command:Invoking command in '/home/rakshaa/ros2_ws/build/main_bot_description': CMAKE_PREFIX_PATH=${CMAKE_PREFIX_PATH}:/home/rakshaa/rover_workspace/install/bno055:/opt/ros/humble /usr/bin/cmake --build /home/rakshaa/ros2_ws/build/main_bot_description -- -j4 -l4
[1.361s] DEBUG:colcon.colcon_core.event_handler.log_command:Invoked command in '/home/rakshaa/ros2_ws/build/main_bot_description' returned '0': CMAKE_PREFIX_PATH=${CMAKE_PREFIX_PATH}:/home/rakshaa/rover_workspace/install/bno055:/opt/ros/humble /usr/bin/cmake --build /home/rakshaa/ros2_ws/build/main_bot_description -- -j4 -l4
[1.370s] DEBUG:colcon.colcon_core.event_handler.log_command:Invoking command in '/home/rakshaa/ros2_ws/build/main_bot_description': CMAKE_PREFIX_PATH=${CMAKE_PREFIX_PATH}:/home/rakshaa/rover_workspace/install/bno055:/opt/ros/humble /usr/bin/cmake --install /home/rakshaa/ros2_ws/build/main_bot_description
[1.383s] Level 1:colcon.colcon_core.environment:create_environment_scripts_only(main_bot_description)
[1.383s] DEBUG:colcon.colcon_core.event_handler.log_command:Invoked command in '/home/rakshaa/ros2_ws/build/main_bot_description' returned '0': CMAKE_PREFIX_PATH=${CMAKE_PREFIX_PATH}:/home/rakshaa/rover_workspace/install/bno055:/opt/ros/humble /usr/bin/cmake --install /home/rakshaa/ros2_ws/build/main_bot_description
[1.388s] Level 1:colcon.colcon_core.environment:checking '/home/rakshaa/ros2_ws/install/main_bot_description' for CMake module files
[1.389s] Level 1:colcon.colcon_core.environment:checking '/home/rakshaa/ros2_ws/install/main_bot_description' for CMake config files
[1.389s] Level 1:colcon.colcon_core.shell:create_environment_hook('main_bot_description', 'cmake_prefix_path')
[1.389s] INFO:colcon.colcon_core.shell:Creating environment hook '/home/rakshaa/ros2_ws/install/main_bot_description/share/main_bot_description/hook/cmake_prefix_path.ps1'
[1.390s] INFO:colcon.colcon_core.shell:Creating environment descriptor '/home/rakshaa/ros2_ws/install/main_bot_description/share/main_bot_description/hook/cmake_prefix_path.dsv'
[1.391s] INFO:colcon.colcon_core.shell:Creating environment hook '/home/rakshaa/ros2_ws/install/main_bot_description/share/main_bot_description/hook/cmake_prefix_path.sh'
[1.392s] Level 1:colcon.colcon_core.environment:checking '/home/rakshaa/ros2_ws/install/main_bot_description/lib'
[1.392s] Level 1:colcon.colcon_core.environment:checking '/home/rakshaa/ros2_ws/install/main_bot_description/bin'
[1.392s] Level 1:colcon.colcon_core.environment:checking '/home/rakshaa/ros2_ws/install/main_bot_description/lib/pkgconfig/main_bot_description.pc'
[1.393s] Level 1:colcon.colcon_core.environment:checking '/home/rakshaa/ros2_ws/install/main_bot_description/lib/python3.10/site-packages'
[1.393s] Level 1:colcon.colcon_core.environment:checking '/home/rakshaa/ros2_ws/install/main_bot_description/bin'
[1.393s] INFO:colcon.colcon_core.shell:Creating package script '/home/rakshaa/ros2_ws/install/main_bot_description/share/main_bot_description/package.ps1'
[1.395s] INFO:colcon.colcon_core.shell:Creating package descriptor '/home/rakshaa/ros2_ws/install/main_bot_description/share/main_bot_description/package.dsv'
[1.396s] INFO:colcon.colcon_core.shell:Creating package script '/home/rakshaa/ros2_ws/install/main_bot_description/share/main_bot_description/package.sh'
[1.398s] INFO:colcon.colcon_core.shell:Creating package script '/home/rakshaa/ros2_ws/install/main_bot_description/share/main_bot_description/package.bash'
[1.400s] INFO:colcon.colcon_core.shell:Creating package script '/home/rakshaa/ros2_ws/install/main_bot_description/share/main_bot_description/package.zsh'
[1.401s] Level 1:colcon.colcon_core.environment:create_file_with_runtime_dependencies(/home/rakshaa/ros2_ws/install/main_bot_description/share/colcon-core/packages/main_bot_description)
[1.402s] Level 1:colcon.colcon_core.environment:create_environment_scripts_only(main_bot_description)
[1.403s] Level 1:colcon.colcon_core.environment:checking '/home/rakshaa/ros2_ws/install/main_bot_description' for CMake module files
[1.403s] Level 1:colcon.colcon_core.environment:checking '/home/rakshaa/ros2_ws/install/main_bot_description' for CMake config files
[1.404s] Level 1:colcon.colcon_core.shell:create_environment_hook('main_bot_description', 'cmake_prefix_path')
[1.404s] INFO:colcon.colcon_core.shell:Creating environment hook '/home/rakshaa/ros2_ws/install/main_bot_description/share/main_bot_description/hook/cmake_prefix_path.ps1'
[1.405s] INFO:colcon.colcon_core.shell:Creating environment descriptor '/home/rakshaa/ros2_ws/install/main_bot_description/share/main_bot_description/hook/cmake_prefix_path.dsv'
[1.406s] INFO:colcon.colcon_core.shell:Creating environment hook '/home/rakshaa/ros2_ws/install/main_bot_description/share/main_bot_description/hook/cmake_prefix_path.sh'
[1.406s] Level 1:colcon.colcon_core.environment:checking '/home/rakshaa/ros2_ws/install/main_bot_description/lib'
[1.407s] Level 1:colcon.colcon_core.environment:checking '/home/rakshaa/ros2_ws/install/main_bot_description/bin'
[1.407s] Level 1:colcon.colcon_core.environment:checking '/home/rakshaa/ros2_ws/install/main_bot_description/lib/pkgconfig/main_bot_description.pc'
[1.407s] Level 1:colcon.colcon_core.environment:checking '/home/rakshaa/ros2_ws/install/main_bot_description/lib/python3.10/site-packages'
[1.407s] Level 1:colcon.colcon_core.environment:checking '/home/rakshaa/ros2_ws/install/main_bot_description/bin'
[1.408s] INFO:colcon.colcon_core.shell:Creating package script '/home/rakshaa/ros2_ws/install/main_bot_description/share/main_bot_description/package.ps1'
[1.409s] INFO:colcon.colcon_core.shell:Creating package descriptor '/home/rakshaa/ros2_ws/install/main_bot_description/share/main_bot_description/package.dsv'
[1.410s] INFO:colcon.colcon_core.shell:Creating package script '/home/rakshaa/ros2_ws/install/main_bot_description/share/main_bot_description/package.sh'
[1.411s] INFO:colcon.colcon_core.shell:Creating package script '/home/rakshaa/ros2_ws/install/main_bot_description/share/main_bot_description/package.bash'
[1.412s] INFO:colcon.colcon_core.shell:Creating package script '/home/rakshaa/ros2_ws/install/main_bot_description/share/main_bot_description/package.zsh'
[1.412s] Level 1:colcon.colcon_core.environment:create_file_with_runtime_dependencies(/home/rakshaa/ros2_ws/install/main_bot_description/share/colcon-core/packages/main_bot_description)
[1.412s] DEBUG:colcon.colcon_parallel_executor.executor.parallel:closing loop
[1.413s] DEBUG:colcon.colcon_parallel_executor.executor.parallel:loop closed
[1.413s] DEBUG:colcon.colcon_parallel_executor.executor.parallel:run_until_complete finished with '0'
[1.413s] DEBUG:colcon.colcon_core.event_reactor:joining thread
[1.420s] INFO:colcon.colcon_core.plugin_system:Skipping extension 'colcon_notification.desktop_notification.terminal_notifier': Not used on non-Darwin systems
[1.420s] INFO:colcon.colcon_core.plugin_system:Skipping extension 'colcon_notification.desktop_notification.win32': Not used on non-Windows systems
[1.420s] INFO:colcon.colcon_notification.desktop_notification:Sending desktop notification using 'notify2'
[1.448s] DEBUG:colcon.colcon_core.event_reactor:joined thread
[1.448s] INFO:colcon.colcon_core.shell:Creating prefix script '/home/rakshaa/ros2_ws/install/local_setup.ps1'
[1.450s] INFO:colcon.colcon_core.shell:Creating prefix util module '/home/rakshaa/ros2_ws/install/_local_setup_util_ps1.py'
[1.452s] INFO:colcon.colcon_core.shell:Creating prefix chain script '/home/rakshaa/ros2_ws/install/setup.ps1'
[1.453s] INFO:colcon.colcon_core.shell:Creating prefix script '/home/rakshaa/ros2_ws/install/local_setup.sh'
[1.454s] INFO:colcon.colcon_core.shell:Creating prefix util module '/home/rakshaa/ros2_ws/install/_local_setup_util_sh.py'
[1.455s] INFO:colcon.colcon_core.shell:Creating prefix chain script '/home/rakshaa/ros2_ws/install/setup.sh'
[1.456s] INFO:colcon.colcon_core.shell:Creating prefix script '/home/rakshaa/ros2_ws/install/local_setup.bash'
[1.457s] INFO:colcon.colcon_core.shell:Creating prefix chain script '/home/rakshaa/ros2_ws/install/setup.bash'
[1.459s] INFO:colcon.colcon_core.shell:Creating prefix script '/home/rakshaa/ros2_ws/install/local_setup.zsh'
[1.460s] INFO:colcon.colcon_core.shell:Creating prefix chain script '/home/rakshaa/ros2_ws/install/setup.zsh'
