[0.014s] Invoking command in '/home/rakshaa/ros2_ws/build/main_bot_description': CMAKE_PREFIX_PATH=${CMAKE_PREFIX_PATH}:/home/rakshaa/rover_workspace/install/bno055:/opt/ros/humble /usr/bin/cmake /home/rakshaa/ros2_ws/src/src/main_bot_description -DCMAKE_INSTALL_PREFIX=/home/rakshaa/ros2_ws/install/main_bot_description
[0.119s] -- The C compiler identification is GNU 11.4.0
[0.197s] -- The CXX compiler identification is GNU 11.4.0
[0.206s] -- Detecting C compiler ABI info
[0.268s] -- Detecting C compiler ABI info - done
[0.276s] -- Check for working C compiler: /usr/bin/cc - skipped
[0.277s] -- Detecting C compile features
[0.277s] -- Detecting C compile features - done
[0.281s] -- Detecting CXX compiler ABI info
[0.358s] -- Detecting CXX compiler ABI info - done
[0.366s] -- Check for working CXX compiler: /usr/bin/c++ - skipped
[0.367s] -- Detecting CXX compile features
[0.367s] -- Detecting CXX compile features - done
[0.371s] -- Found ament_cmake: 1.3.12 (/opt/ros/humble/share/ament_cmake/cmake)
[0.526s] -- Found Python3: /usr/bin/python3 (found version "3.10.12") found components: Interpreter 
[0.647s] -- Found ros2_controllers: 2.50.0 (/opt/ros/humble/share/ros2_controllers/cmake)
[0.649s] -- Found ament_lint_auto: 0.12.14 (/opt/ros/humble/share/ament_lint_auto/cmake)
[0.738s] -- Added test 'flake8' to check Python code syntax and style conventions
[0.739s] -- Added test 'lint_cmake' to check CMake code style
[0.739s] -- Added test 'pep257' to check Python code against some of the docstring style conventions in PEP 257
[0.741s] -- Added test 'xmllint' to check XML markup files
[0.743s] -- Configuring done
[0.745s] -- Generating done
[0.747s] -- Build files have been written to: /home/rakshaa/ros2_ws/build/main_bot_description
[0.751s] Invoked command in '/home/rakshaa/ros2_ws/build/main_bot_description' returned '0': CMAKE_PREFIX_PATH=${CMAKE_PREFIX_PATH}:/home/rakshaa/rover_workspace/install/bno055:/opt/ros/humble /usr/bin/cmake /home/rakshaa/ros2_ws/src/src/main_bot_description -DCMAKE_INSTALL_PREFIX=/home/rakshaa/ros2_ws/install/main_bot_description
[0.753s] Invoking command in '/home/rakshaa/ros2_ws/build/main_bot_description': CMAKE_PREFIX_PATH=${CMAKE_PREFIX_PATH}:/home/rakshaa/rover_workspace/install/bno055:/opt/ros/humble /usr/bin/cmake --build /home/rakshaa/ros2_ws/build/main_bot_description -- -j4 -l4
[0.786s] Invoked command in '/home/rakshaa/ros2_ws/build/main_bot_description' returned '0': CMAKE_PREFIX_PATH=${CMAKE_PREFIX_PATH}:/home/rakshaa/rover_workspace/install/bno055:/opt/ros/humble /usr/bin/cmake --build /home/rakshaa/ros2_ws/build/main_bot_description -- -j4 -l4
[0.795s] Invoking command in '/home/rakshaa/ros2_ws/build/main_bot_description': CMAKE_PREFIX_PATH=${CMAKE_PREFIX_PATH}:/home/rakshaa/rover_workspace/install/bno055:/opt/ros/humble /usr/bin/cmake --install /home/rakshaa/ros2_ws/build/main_bot_description
[0.802s] -- Install configuration: ""
[0.802s] -- Installing: /home/rakshaa/ros2_ws/install/main_bot_description/share/main_bot_description//urdf
[0.802s] -- Installing: /home/rakshaa/ros2_ws/install/main_bot_description/share/main_bot_description//urdf/main_bot_description.urdf.xacro.original
[0.803s] -- Installing: /home/rakshaa/ros2_ws/install/main_bot_description/share/main_bot_description//urdf/main_bot_description.urdf.xacro
[0.803s] -- Installing: /home/rakshaa/ros2_ws/install/main_bot_description/share/main_bot_description//config
[0.803s] -- Installing: /home/rakshaa/ros2_ws/install/main_bot_description/share/main_bot_description//config/controllers.yaml
[0.803s] -- Installing: /home/rakshaa/ros2_ws/install/main_bot_description/share/main_bot_description//rviz
[0.803s] -- Installing: /home/rakshaa/ros2_ws/install/main_bot_description/share/main_bot_description//rviz/display.rviz
[0.804s] -- Installing: /home/rakshaa/ros2_ws/install/main_bot_description/share/main_bot_description/launch
[0.804s] -- Installing: /home/rakshaa/ros2_ws/install/main_bot_description/share/main_bot_description/launch/display.launch.py
[0.804s] -- Installing: /home/rakshaa/ros2_ws/install/main_bot_description/share/main_bot_description/launch/spawn_robot.launch.py
[0.805s] -- Up-to-date: /home/rakshaa/ros2_ws/install/main_bot_description/share/main_bot_description/rviz
[0.805s] -- Up-to-date: /home/rakshaa/ros2_ws/install/main_bot_description/share/main_bot_description/rviz/display.rviz
[0.805s] -- Up-to-date: /home/rakshaa/ros2_ws/install/main_bot_description/share/main_bot_description/config
[0.805s] -- Up-to-date: /home/rakshaa/ros2_ws/install/main_bot_description/share/main_bot_description/config/controllers.yaml
[0.805s] -- Up-to-date: /home/rakshaa/ros2_ws/install/main_bot_description/share/main_bot_description/urdf
[0.805s] -- Up-to-date: /home/rakshaa/ros2_ws/install/main_bot_description/share/main_bot_description/urdf/main_bot_description.urdf.xacro.original
[0.805s] -- Up-to-date: /home/rakshaa/ros2_ws/install/main_bot_description/share/main_bot_description/urdf/main_bot_description.urdf.xacro
[0.805s] -- Installing: /home/rakshaa/ros2_ws/install/main_bot_description/share/main_bot_description/worlds
[0.805s] -- Installing: /home/rakshaa/ros2_ws/install/main_bot_description/share/main_bot_description/worlds/obstacle.world
[0.805s] -- Installing: /home/rakshaa/ros2_ws/install/main_bot_description/share/main_bot_description/worlds/slam_test.world
[0.806s] -- Installing: /home/rakshaa/ros2_ws/install/main_bot_description/share/ament_index/resource_index/package_run_dependencies/main_bot_description
[0.806s] -- Installing: /home/rakshaa/ros2_ws/install/main_bot_description/share/ament_index/resource_index/parent_prefix_path/main_bot_description
[0.806s] -- Installing: /home/rakshaa/ros2_ws/install/main_bot_description/share/main_bot_description/environment/ament_prefix_path.sh
[0.806s] -- Installing: /home/rakshaa/ros2_ws/install/main_bot_description/share/main_bot_description/environment/ament_prefix_path.dsv
[0.806s] -- Installing: /home/rakshaa/ros2_ws/install/main_bot_description/share/main_bot_description/environment/path.sh
[0.806s] -- Installing: /home/rakshaa/ros2_ws/install/main_bot_description/share/main_bot_description/environment/path.dsv
[0.806s] -- Installing: /home/rakshaa/ros2_ws/install/main_bot_description/share/main_bot_description/local_setup.bash
[0.806s] -- Installing: /home/rakshaa/ros2_ws/install/main_bot_description/share/main_bot_description/local_setup.sh
[0.806s] -- Installing: /home/rakshaa/ros2_ws/install/main_bot_description/share/main_bot_description/local_setup.zsh
[0.806s] -- Installing: /home/rakshaa/ros2_ws/install/main_bot_description/share/main_bot_description/local_setup.dsv
[0.806s] -- Installing: /home/rakshaa/ros2_ws/install/main_bot_description/share/main_bot_description/package.dsv
[0.807s] -- Installing: /home/rakshaa/ros2_ws/install/main_bot_description/share/ament_index/resource_index/packages/main_bot_description
[0.807s] -- Installing: /home/rakshaa/ros2_ws/install/main_bot_description/share/main_bot_description/cmake/main_bot_descriptionConfig.cmake
[0.807s] -- Installing: /home/rakshaa/ros2_ws/install/main_bot_description/share/main_bot_description/cmake/main_bot_descriptionConfig-version.cmake
[0.807s] -- Installing: /home/rakshaa/ros2_ws/install/main_bot_description/share/main_bot_description/package.xml
[0.807s] -- Installing: /home/rakshaa/ros2_ws/install/main_bot_description/lib/main_bot_description/antenna_controller.py
[0.807s] -- Installing: /home/rakshaa/ros2_ws/install/main_bot_description/lib/main_bot_description/lidar_test.py
[0.809s] Invoked command in '/home/rakshaa/ros2_ws/build/main_bot_description' returned '0': CMAKE_PREFIX_PATH=${CMAKE_PREFIX_PATH}:/home/rakshaa/rover_workspace/install/bno055:/opt/ros/humble /usr/bin/cmake --install /home/rakshaa/ros2_ws/build/main_bot_description
